{
  "Number": "183579",
  "Type": "občanský průkaz",
  "Series": "AA81",
  "IsRegistered": true,
  "RegisteredFrom": "15.4.2024",
  "BadRequest": false,
  "Error": ""
}
