{
  "Number": "123456ABCD",
  "Series": "",
  "Type": "",
  "IsRegistered": false,
  "RegisteredFrom": "",
  "BadRequest": false,
  "Error": ""
}
